// Jest Snapshot v1, https://goo.gl/fbAQLP

exports[`<Overlay /> should render base component correctly 1`] = `
<div>
  <div
    aria-hidden="true"
    class="base isVisible"
    data-testid="data-testid-Overlay"
    role="button"
    tabindex="-1"
  />
</div>
`;
