// Jest Snapshot v1, https://goo.gl/fbAQLP

exports[`<ProductCommerce /> should render base component correctly 1`] = `
<div>
  <div
    class="base"
  >
    <header
      class="header base"
      data-testid="data-testid-SectionHeading"
    >
      <h2
        class="base flush xLarge dark heading"
      >
        Lorem ipsum dolor 
      </h2>
      <h3
        class="base flush mediumWeightFont xXSmall dark eyebrow"
      >
        Vestibulum ante ipsum primis
      </h3>
    </header>
    <div
      class="description"
    >
      <p>
        ProductCommerceFixture.description
      </p>
    </div>
    <div
      class="imageWrapper"
    >
      <picture
        class="base picture dark image fadeEnter"
      >
        <img
          loading="lazy"
        />
      </picture>
    </div>
    <div
      class="base linkButtonGroup"
      data-testid="data-testid-LinkButtonGroup"
    >
      <button
        class="base alternate blockStyle dark base addToCartButton link center"
        data-test-ref="ADD_TO_CART"
        title="Add to your cart — $26.45"
        type="button"
      >
        <span
          class="label"
        >
          <span>
             
          </span>
          <span>
            Add to your cart — $26.45
          </span>
        </span>
      </button>
      <a
        class="base blockStyle hasIcon center dark cta link center"
        href="/"
        target="_self"
      >
        Lorem ipsum dolor
         
        <i
          aria-hidden="true"
          class="icon"
        >
          <svg
            aria-labelledby="rightArrow-1"
            class="base rightArrow dark"
            data-testid="data-testid-Icon"
            focusable="false"
            height="12"
            role="img"
            style="height: 12px; width: 12px;"
            tabindex="-1"
            viewBox="0 0 50 50"
            width="12"
          >
            <title
              id="rightArrow-1"
            >
              rightArrow
            </title>
            <g>
              <path
                d="M30.1,5.3L50,25.1L30.1,45h-6.6l18-17.6H0v-4.8h41.5l-18-17.6h6.6V5.3z"
              />
            </g>
          </svg>
        </i>
      </a>
    </div>
  </div>
</div>
`;
