// Jest Snapshot v1, https://goo.gl/fbAQLP

exports[`<Button /> should render base component correctly with \`onClick\` prop 1`] = `
<div>
  <button
    class="base blockStyle dark class"
    title="button-title"
    type="button"
  >
    button
  </button>
</div>
`;
