// Jest Snapshot v1, https://goo.gl/fbAQLP

exports[`<ProductGridItem /> should render base component correctly 1`] = `
<div>
  <div
    class="base dark"
  >
    <a
      class="base left dark imageLink fadeEnter"
      href="/p/"
      target="_self"
    >
      <picture
        class="base picture dark image"
      >
        <img
          loading="lazy"
        />
      </picture>
    </a>
    <h5
      class="base mediumWeightFont xXSmall dark productName"
    >
      <a
        class="base left dark productNameLink"
        href="/p/"
        target="_self"
      >
        Lorem ipsum dolor
      </a>
    </h5>
    <div
      class="infoVariantHolder"
    >
      <div
        class="infoHolder hasManyVariants"
      >
        <p
          class="base dark info"
        >
          4 Sizes / From $ 26.45
        </p>
      </div>
      <ul
        class="base variants"
      >
        <li
          class="radio"
        >
          <label
            class="label"
            for="option-ARD33"
          >
            <input
              aria-checked="true"
              class="input"
              data-test-ref="PRODUCT_GRID_ITEM_VARIANT_SELECT"
              id="option-ARD33"
              name="ARD33"
              tabindex="0"
              type="radio"
              value="ARD33"
            />
            <span
              class="pot dark"
            />
            <span
              class="labelContent dark"
            >
              50 mL - In stock
            </span>
          </label>
        </li>
        <li
          class="radio"
        >
          <label
            class="label"
            for="option-ARD32"
          >
            <input
              aria-checked="false"
              class="input"
              data-test-ref="PRODUCT_GRID_ITEM_VARIANT_SELECT"
              id="option-ARD32"
              name="ARD33"
              tabindex="0"
              type="radio"
              value="ARD32"
            />
            <span
              class="pot dark"
            />
            <span
              class="labelContent dark"
            >
              100 mL - Not in stock
            </span>
          </label>
        </li>
        <li
          class="radio"
        >
          <label
            class="label"
            for="option-ARD30"
          >
            <input
              aria-checked="false"
              class="input"
              data-test-ref="PRODUCT_GRID_ITEM_VARIANT_SELECT"
              id="option-ARD30"
              name="ARD33"
              tabindex="0"
              type="radio"
              value="ARD30"
            />
            <span
              class="pot dark"
            />
            <span
              class="labelContent dark"
            >
              180 mL - In stock
            </span>
          </label>
        </li>
      </ul>
    </div>
    <button
      class="base alternate blockStyle dark base fullWidth addToCartButton"
      data-test-ref="PRODUCT_GRID_ITEM"
      title="copy add to cart — $26.45"
      type="button"
    >
      <span
        class="label"
      >
        <span>
           
        </span>
        <span>
          copy add to cart — $26.45
        </span>
      </span>
    </button>
    <dl
      class="base dark hasBottomBorder definitionList"
      data-testid="data-testid-DefinitionList"
    >
      <dt
        class="term slideIn"
      >
        Lorem ipsum dolor
      </dt>
      <dd
        class="description slideIn"
      >
        Lorem ipsum dolort, consectetur adipiscing elit.
      </dd>
      <dt
        class="term slideIn"
      >
        Ut consectetur mi
      </dt>
      <dd
        class="description slideIn"
      >
        Ut consectetur, vitae libero imperdiet id.
      </dd>
      <dt
        class="term slideIn"
      >
        Pellentesque tristique
      </dt>
      <dd
        class="description slideIn"
      >
        Maecenas mattis, urna vel commodo vehicula
      </dd>
    </dl>
  </div>
</div>
`;
