// Jest Snapshot v1, https://goo.gl/fbAQLP

exports[`<ModalBody /> should render component correctly and match html snapshot 1`] = `
<div>
  <div
    class="base isVisible dark"
  >
    Body Content
    <button
      class="base dark closeButton"
      data-test-ref="MODAL_CLOSE_BUTTON"
      title="Close Modal"
      type="button"
    >
      <svg
        aria-labelledby="close-1"
        class="base close dark closeIcon"
        data-testid="data-testid-Icon"
        focusable="false"
        height="14"
        role="img"
        style="height: 14px; width: 14px;"
        tabindex="-1"
        viewBox="0 0 50 50"
        width="14"
      >
        <title
          id="close-1"
        >
          close
        </title>
        <g>
          <polygon
            class="close"
            points="50,5 45,0 25,20 5,0 0,5 20,25 0,45 5,50 25,30 45,50 50,45 30,25"
          />
        </g>
      </svg>
    </button>
  </div>
</div>
`;
