// Jest Snapshot v1, https://goo.gl/fbAQLP

exports[`<Audio.AudioFooter /> should render base component correctly 1`] = `
<div>
  <footer
    class="base orange"
  >
    <time
      class="time"
    >
      Invalid date
       /
       
      Invalid date
    </time>
    <div
      class="controls"
    >
      <button
        class="base dark base orange forward"
        type="button"
      >
        <svg
          aria-labelledby="seek-1"
          class="base seek dark icon"
          data-testid="data-testid-Icon"
          focusable="false"
          height="20"
          role="img"
          style="height: 20px; width: 20px;"
          tabindex="-1"
          viewBox="0 0 20 12"
          width="20"
        >
          <title
            id="seek-1"
          >
            seek
          </title>
          <g>
            <path
              d="M19.996,11.991 L9.999,5.990 L19.996,-0.012"
            />
            <path
              d="M9.996,11.991 L-0.001,5.990 L9.996,-0.012"
            />
          </g>
        </svg>
      </button>
      <button
        class="base dark base orange"
        type="button"
      >
        <svg
          aria-labelledby="play-2"
          class="base play dark iconPlay"
          data-testid="data-testid-Icon"
          focusable="false"
          height="15"
          role="img"
          style="height: 15px; width: 15px;"
          tabindex="-1"
          viewBox="0 0 8 11"
          width="15"
        >
          <title
            id="play-2"
          >
            play
          </title>
          <g>
            <polygon
              class="play"
              points="0,0 8,5.5 0,11"
            />
          </g>
        </svg>
        <svg
          aria-labelledby="pause-3"
          class="base pause dark iconPause hidden"
          data-testid="data-testid-Icon"
          focusable="false"
          height="15"
          role="img"
          style="height: 15px; width: 15px;"
          tabindex="-1"
          viewBox="0 0 9 10"
          width="15"
        >
          <title
            id="pause-3"
          >
            pause
          </title>
          <g>
            <polygon
              class="play"
              points="0,0 3,0 3,10 0,10 0,0"
            />
            <polygon
              class="play"
              points="6,0 9,0 9,10 6,10 6,0"
            />
          </g>
        </svg>
      </button>
      <button
        class="base dark base orange"
        type="button"
      >
        <svg
          aria-labelledby="seek-4"
          class="base seek dark icon"
          data-testid="data-testid-Icon"
          focusable="false"
          height="20"
          role="img"
          style="height: 20px; width: 20px;"
          tabindex="-1"
          viewBox="0 0 20 12"
          width="20"
        >
          <title
            id="seek-4"
          >
            seek
          </title>
          <g>
            <path
              d="M19.996,11.991 L9.999,5.990 L19.996,-0.012"
            />
            <path
              d="M9.996,11.991 L-0.001,5.990 L9.996,-0.012"
            />
          </g>
        </svg>
      </button>
    </div>
    <div
      class="download"
    >
      <a
        class="base left dark downloadButton"
        download=""
        href="/"
        target="_blank"
      >
        undefined 
        <svg
          aria-labelledby="download-5"
          class="base download dark downloadButtonIcon"
          data-testid="data-testid-Icon"
          focusable="false"
          height="13"
          role="img"
          style="height: 13px; width: 13px;"
          tabindex="-1"
          viewBox="0 0 11 14"
          width="13"
        >
          <title
            id="download-5"
          >
            download
          </title>
          <g>
            <path
              d="M10.992,6.125 L6.125,10.782 L6.125,0.001 L4.848,0.001 L4.848,10.768 L-0.004,6.125 L-0.004,7.819 L5.495,13.011 L10.992,7.819 L10.992,6.125 Z"
            />
            <path
              d="M-0.000,12.999 L11.000,12.999 L11.000,14.000 L-0.000,14.000 L-0.000,12.999 Z"
            />
          </g>
        </svg>
      </a>
    </div>
  </footer>
</div>
`;
