// Jest Snapshot v1, https://goo.gl/fbAQLP

exports[`<DoubleMedia /> should render base component correctly 1`] = `
<div>
  <div
    class="base dark"
  >
    <figure
      class="base dark figure dark"
    >
      <picture
        class="base picture dark"
      >
        <source
          media="(min-width: 1025px)"
          srcset="./assets/images/DoubleImage/image-one-large.jpg"
        />
        <source
          media="(min-width: 640px)"
          srcset="./assets/images/DoubleImage/image-one-medium.jpg"
        />
        <source
          media="(min-width: 0px)"
          srcset="./assets/images/DoubleImage/image-one-small.jpg"
        />
        <img
          alt="A tactile approach infuses our work, from our product development to our retail service and visual merchandising."
          loading="lazy"
        />
      </picture>
      <figcaption
        class="figcaption"
      >
        <h3
          class="heading"
        >
          <span
            class="headingWrapper"
          >
            Aesop favourites
          </span>
        </h3>
        <div
          class="caption"
        >
          Our passion for creativity in form and function, extends to the setting of a meal among staff.
        </div>
      </figcaption>
    </figure>
    <figure
      class="base dark figure dark"
    >
      <a
        class="base left dark imageLinkWrapper"
        href="/au/c/skin/cleanse"
        target="_self"
      >
        <picture
          class="base picture dark"
        >
          <source
            media="(min-width: 1025px)"
            srcset="./assets/images/DoubleImage/image-two-large.jpg"
          />
          <source
            media="(min-width: 640px)"
            srcset="./assets/images/DoubleImage/image-two-medium.jpg"
          />
          <source
            media="(min-width: 0px)"
            srcset="./assets/images/DoubleImage/image-two-small.jpg"
          />
          <img
            alt="Image of: Our passion for creativity in form and function, extends to the setting of a meal among staff."
            loading="lazy"
          />
        </picture>
      </a>
      <figcaption
        class="figcaption"
      >
        <h3
          class="heading headingLink"
        >
          <a
            class="base left dark headingWrapper"
            href="/au/c/skin/cleanse"
            target="_self"
          >
            <span>
              Aesop favourites
            </span>
          </a>
        </h3>
        <div
          class="caption"
        >
          Our passion for creativity in form and function, extends to the setting of a meal among staff.
        </div>
      </figcaption>
    </figure>
  </div>
</div>
`;
