// Jest Snapshot v1, https://goo.gl/fbAQLP

exports[`<ReadMore /> should render base component correctly 1`] = `
<div>
  <section
    class="base fadeEnter fadeEnterActive"
  >
    <div
      class="base readMoreArticle fadeEnter fadeEnterActive"
      id="test_1"
    >
      <a
        class="base left dark image"
        data-test-ref="test_1_READMORE_THUMBNAIL"
        href="https://www.aesop.com/au/r/careers"
        target="_self"
        title="1. Senorial consectetur adipiscing elit."
      >
        <div>
          <picture
            class="base picture dark"
          >
            <source
              media="(min-width: 1025px)"
              srcset="./assets/images/ContentHubArticle/horizontal_hub.jpg"
            />
            <source
              media="(min-width: 640px)"
              srcset="./assets/images/ContentHubArticle/horizontal_hub.jpg"
            />
            <source
              media="(min-width: 0px)"
              srcset="./assets/images/ContentHubArticle/horizontal_hub.jpg"
            />
            <img
              alt="horizontal_hub"
              loading="lazy"
              src="./assets/images/ContentHubArticle/horizontal_hub.jpg"
            />
          </picture>
        </div>
      </a>
      <div
        class="category readMoreCategory"
      >
        Product
      </div>
      <div>
        <a
          class="base left dark title readMoreTitle"
          data-test-ref="test_1_TITLE"
          href="https://www.aesop.com/au/r/careers"
          target="_self"
          title="1. Senorial consectetur adipiscing elit."
        >
          <h1>
            <span>
              1. Senorial consectetur adipiscing elit.
            </span>
          </h1>
        </a>
      </div>
      <div
        class="note readMoreNote"
      >
        <span>
          5 minute read
        </span>
      </div>
    </div>
    <div
      class="base readMoreArticle fadeEnter fadeEnterActive"
      id="test_2"
    >
      <a
        class="base left dark image"
        data-test-ref="test_2_READMORE_THUMBNAIL"
        href="https://www.aesop.com/au/r/careers"
        target="_self"
        title="2. Lorem ipsum dolor sit amet, consectetur adipiscing elit. Suspendisse et ornare mauris, id dictum ante."
      >
        <div>
          <picture
            class="base picture dark"
          >
            <source
              media="(min-width: 1025px)"
              srcset="./assets/images/ContentHubArticle/horizontal_hub.jpg"
            />
            <source
              media="(min-width: 640px)"
              srcset="./assets/images/ContentHubArticle/horizontal_hub.jpg"
            />
            <source
              media="(min-width: 0px)"
              srcset="./assets/images/ContentHubArticle/horizontal_hub.jpg"
            />
            <img
              alt="horizontal_hub"
              loading="lazy"
              src="./assets/images/ContentHubArticle/horizontal_hub.jpg"
            />
          </picture>
        </div>
      </a>
      <div
        class="category readMoreCategory"
      >
        Product
      </div>
      <div>
        <a
          class="base left dark title readMoreTitle"
          data-test-ref="test_2_TITLE"
          href="https://www.aesop.com/au/r/careers"
          target="_self"
          title="2. Lorem ipsum dolor sit amet, consectetur adipiscing elit. Suspendisse et ornare mauris, id dictum ante."
        >
          <h1>
            <span>
              2. Lorem ipsum dolor sit amet, consectetur adipiscing elit. Suspendisse et ornare mauris, id dictum ante.
            </span>
          </h1>
        </a>
      </div>
      <div
        class="note readMoreNote"
      >
        <span>
          5 minute read
        </span>
      </div>
    </div>
    <div
      class="base readMoreArticle fadeEnter fadeEnterActive"
      id="test_3"
    >
      <a
        class="base left dark image"
        data-test-ref="test_3_READMORE_THUMBNAIL"
        href="https://www.aesop.com/au/r/careers"
        target="_self"
        title="3. Lorem ipsum dolor sit amet, consectetur adipiscing elit. Suspendisse et ornare, id dictum ante. Suspendisse et ornare mauris, id dictum ante."
      >
        <div>
          <picture
            class="base picture dark"
          >
            <source
              media="(min-width: 1025px)"
              srcset="./assets/images/ContentHubArticle/horizontal_hub.jpg"
            />
            <source
              media="(min-width: 640px)"
              srcset="./assets/images/ContentHubArticle/horizontal_hub.jpg"
            />
            <source
              media="(min-width: 0px)"
              srcset="./assets/images/ContentHubArticle/horizontal_hub.jpg"
            />
            <img
              alt="horizontal_hub"
              loading="lazy"
              src="./assets/images/ContentHubArticle/horizontal_hub.jpg"
            />
          </picture>
        </div>
      </a>
      <div
        class="category readMoreCategory"
      >
        Culture
      </div>
      <div>
        <a
          class="base left dark title readMoreTitle"
          data-test-ref="test_3_TITLE"
          href="https://www.aesop.com/au/r/careers"
          target="_self"
          title="3. Lorem ipsum dolor sit amet, consectetur adipiscing elit. Suspendisse et ornare, id dictum ante. Suspendisse et ornare mauris, id dictum ante."
        >
          <h1>
            <span>
              3. Lorem ipsum dolor sit amet, consectetur adipiscing elit. Suspendisse et ornare, id dictum ante. Suspendisse et ornare mauris, id dictum ante.
            </span>
          </h1>
        </a>
      </div>
      <div
        class="note readMoreNote"
      >
        <span>
          5 minute read
        </span>
      </div>
    </div>
  </section>
</div>
`;
