// Jest Snapshot v1, https://goo.gl/fbAQLP

exports[`<TextInput /> should render base component correctly 1`] = `
<div>
  <div
    class="formText"
  >
    <label
      for="test-textinput"
    >
      <input
        class="formTextInput dark"
        data-test-ref="test-data-ref"
        id="test-textinput"
        novalidate=""
        type="text"
        value=""
      />
      <span
        class="formTextLabel dark"
      />
    </label>
  </div>
</div>
`;
