// Jest Snapshot v1, https://goo.gl/fbAQLP

exports[`<SubNav /> should render base component correctly 1`] = `
<div>
  <nav
    class="base dark"
  >
    <h3
      class="base small dark heading"
    >
      Phasellus aliquet sem
    </h3>
    <ul
      class="base dark"
    >
      <li
        class="item item"
      >
        <a
          class="base left dark link"
          href="https://aesop.com/"
          target="_self"
        >
          Morbi id nulla
        </a>
      </li>
      <li
        class="item item"
      >
        <a
          class="base left dark link"
          href="https://aesop.com/"
          target="_self"
        >
          Nullam ultrices
        </a>
      </li>
    </ul>
  </nav>
</div>
`;

exports[`<SubNav isSelect /> should render base component correctly 1`] = `
<div>
  <nav
    class="base dark select"
  >
    <h3
      class="base small dark heading"
    >
      Phasellus aliquet sem
    </h3>
    <div
      class="base dark"
    >
      <label
        class="label"
        for="sub-nav"
      />
      <select
        aria-describedby="sub-nav-error-message"
        aria-invalid="false"
        aria-label="sub-nav"
        class="input isBlock"
        id="sub-nav"
        name="sub-nav"
      >
        <option
          value="https://aesop.com/"
        >
          Morbi id nulla
        </option>
        <option
          value="https://aesop.com/"
        >
          Nullam ultrices
        </option>
      </select>
      <svg
        aria-labelledby="chevron-1"
        class="base chevron dark icon"
        data-testid="data-testid-Icon"
        focusable="false"
        height="15"
        role="img"
        style="height: 15px; width: 15px;"
        tabindex="-1"
        viewBox="0 0 50 50"
        width="15"
      >
        <title
          id="chevron-1"
        >
          chevron
        </title>
        <g>
          <polygon
            class="chevron"
            points="25,31.3 4.2,10.5 0.1,14.6 25,39.5 50,14.6 45.9,10.5"
          />
        </g>
      </svg>
      
    </div>
  </nav>
</div>
`;
