// Jest Snapshot v1, https://goo.gl/fbAQLP

exports[`<Footer /> should render base component correctly 1`] = `
<div>
  <div
    class="base"
  >
    <div
      class="base isNotVisible"
      style="background-color: rgb(213, 213, 204);"
    >
      <span
        class="notificationMessage"
      >
        Sincere thanks for subscribing. We are always pleased to share ourpassionate interests with like - minded individuals.
      </span>
      <button
        class="closeButton"
        data-ref="close"
        tabindex="-1"
      >
        <svg
          aria-labelledby="close-1"
          class="base close dark"
          data-testid="data-testid-Icon"
          focusable="false"
          height="15"
          role="img"
          style="height: 15px; width: 15px;"
          tabindex="-1"
          viewBox="0 0 50 50"
          width="15"
        >
          <title
            id="close-1"
          >
            close
          </title>
          <g>
            <polygon
              class="close"
              points="50,5 45,0 25,20 5,0 0,5 20,25 0,45 5,50 25,30 45,50 50,45 30,25"
            />
          </g>
        </svg>
      </button>
    </div>
    <div
      class="block"
    >
      <div
        class="signup"
      >
        <div
          class="base"
        >
          <form>
            <div
              class="inputField light"
            >
              <div
                class="footerNewsletterInputWrapper"
              >
                <div
                  class="formText"
                >
                  <label
                    for="newsletter-email"
                  >
                    <input
                      class="formTextInput light footerNewsletter"
                      data-test-ref="EMAIL_SIGN_UP_INPUT"
                      id="newsletter-email"
                      name="newsletter-email"
                      novalidate=""
                      type="text"
                      value=""
                    />
                    <span
                      class="formTextLabel light"
                    >
                      Email Address
                    </span>
                  </label>
                </div>
              </div>
              <button
                class="button light"
                data-test-ref="EMAIL_SIGN_UP_BUTTON"
                disabled=""
              >
                <svg
                  aria-labelledby="rightArrow-2"
                  class="base rightArrow light signUpIcon light"
                  data-testid="data-testid-Icon"
                  focusable="false"
                  height="12"
                  role="img"
                  style="height: 12px; width: 12px;"
                  tabindex="-1"
                  viewBox="0 0 50 50"
                  width="12"
                >
                  <title
                    id="rightArrow-2"
                  >
                    rightArrow
                  </title>
                  <g>
                    <path
                      d="M30.1,5.3L50,25.1L30.1,45h-6.6l18-17.6H0v-4.8h41.5l-18-17.6h6.6V5.3z"
                    />
                  </g>
                </svg>
              </button>
            </div>
            <div
              class="footerNewsletterErrorMessage"
            />
            <section>
              <div>
                <label
                  class="base"
                  for="subscription"
                >
                  <input
                    aria-describedby="subscription-error-message"
                    aria-invalid="false"
                    class="checkBox light"
                    data-test-ref="EMAIL_SIGN_UP_SUBSCRIPTION_CHECKBOX"
                    id="subscription"
                    type="checkbox"
                  />
                  <span
                    class="content light"
                  >
                    By subscribing, you agree to receive email marketing from Aesop about our products and services, and accept our
                  </span>
                </label>
              </div>
              <div>
                <label
                  class="base"
                  for="terms"
                >
                  <input
                    aria-describedby="terms-error-message"
                    aria-invalid="false"
                    class="checkBox light"
                    data-test-ref="EMAIL_SIGN_UP_TERMS_AND_CONDITIONS_CHECKBOX"
                    id="terms"
                    type="checkbox"
                  />
                  <span
                    class="content light"
                  >
                    I accept the Terms & Conditions 
                  </span>
                </label>
              </div>
              <div
                class="termsAndConditionWrapper"
              >
                <div
                  class="termsAndCondition"
                >
                  Lorem ipsum dolor sit amet, consectetur adipiscing elit. Quisque quis sem quis sem bibendum aliquet non nec sapien. Suspendisse felis dui, gravida non ligula id, tempor pharetra sapien. Vestibulum porttitor felis vitae mollis porta. Lorem ipsum dolor sit amet, consectetur adipiscing elit. Quisque quis sem quis sem bibendum aliquet non nec sapien. Suspendisse felis dui, gravida non ligula id, tempor pharetra sapien. Vestibulum porttitor felis vitae mollis porta. Lorem ipsum dolor sit amet, consectetur adipiscing elit. Quisque quis sem quis sem bibendum aliquet non nec sapien. Suspendisse felis dui, gravida non ligula id, tempor pharetra sapien. Vestibulum porttitor felis vitae mollis porta. Lorem ipsum dolor sit amet, consectetur adipiscing elit. Quisque quis sem quis sem bibendum aliquet non nec sapien. Suspendisse felis dui, gravida non ligula id, tempor pharetra sapien. Vestibulum porttitor felis vitae mollis porta.
                </div>
              </div>
            </section>
          </form>
        </div>
      </div>
      <section
        class="base light item"
      >
        <h3
          class="base mediumWeightFont xXSmall light heading"
        >
          Orders & Support
        </h3>
        <div
          class="divider light"
        />
        <ul
          class="list"
        >
          <li>
            <a
              class="base hasIcon hasExternalIcon left light listItem"
              data-test-ref="FOOTER_LINK"
              href="https://www.aesop.com/au/r/contact-us"
              target="_blank"
              title="Contact us"
            >
              Contact us
               
              <i
                aria-hidden="true"
                class="icon"
              >
                <svg
                  aria-labelledby="rightUpArrow-5"
                  class="base rightUpArrow light"
                  data-testid="data-testid-Icon"
                  focusable="false"
                  height="12"
                  role="img"
                  style="height: 12px; width: 12px;"
                  tabindex="-1"
                  viewBox="0 0 50 50"
                  width="12"
                >
                  <title
                    id="rightUpArrow-5"
                  >
                    rightUpArrow
                  </title>
                  <g>
                    <path
                      d="M21.8,0.2l28.1-0.1v28.1l-4.5,0l0.1-20.5L16.2,37.1l-3.4-3.4L42.1,4.4L21.8,4.4L21.8,0.2L21.8,0.2z"
                    />
                  </g>
                </svg>
              </i>
            </a>
          </li>
          <li>
            <a
              class="base hasIcon hasExternalIcon left light listItem"
              data-test-ref="FOOTER_LINK"
              href="https://www.aesop.com/au/r/shipping/"
              target="_blank"
              title="Delivery and returns"
            >
              Delivery and returns
               
              <i
                aria-hidden="true"
                class="icon"
              >
                <svg
                  aria-labelledby="rightUpArrow-6"
                  class="base rightUpArrow light"
                  data-testid="data-testid-Icon"
                  focusable="false"
                  height="12"
                  role="img"
                  style="height: 12px; width: 12px;"
                  tabindex="-1"
                  viewBox="0 0 50 50"
                  width="12"
                >
                  <title
                    id="rightUpArrow-6"
                  >
                    rightUpArrow
                  </title>
                  <g>
                    <path
                      d="M21.8,0.2l28.1-0.1v28.1l-4.5,0l0.1-20.5L16.2,37.1l-3.4-3.4L42.1,4.4L21.8,4.4L21.8,0.2L21.8,0.2z"
                    />
                  </g>
                </svg>
              </i>
            </a>
          </li>
          <li>
            <a
              class="base hasIcon hasExternalIcon left light listItem"
              data-test-ref="FOOTER_LINK"
              href="https://www.aesop.com/au/r/contact-us"
              target="_blank"
              title="Click And Collect"
            >
              Click And Collect
               
              <i
                aria-hidden="true"
                class="icon"
              >
                <svg
                  aria-labelledby="rightUpArrow-7"
                  class="base rightUpArrow light"
                  data-testid="data-testid-Icon"
                  focusable="false"
                  height="12"
                  role="img"
                  style="height: 12px; width: 12px;"
                  tabindex="-1"
                  viewBox="0 0 50 50"
                  width="12"
                >
                  <title
                    id="rightUpArrow-7"
                  >
                    rightUpArrow
                  </title>
                  <g>
                    <path
                      d="M21.8,0.2l28.1-0.1v28.1l-4.5,0l0.1-20.5L16.2,37.1l-3.4-3.4L42.1,4.4L21.8,4.4L21.8,0.2L21.8,0.2z"
                    />
                  </g>
                </svg>
              </i>
            </a>
          </li>
          <li>
            <a
              class="base left light listItem"
              data-test-ref="FOOTER_LINK"
              href="https://www.aesop.com/au/r/shipping/"
              target="_self"
              title="Track Your Orders"
            >
              Track Your Orders
            </a>
          </li>
        </ul>
      </section>
      <section
        class="base light item"
      >
        <h3
          class="base mediumWeightFont xXSmall light heading"
        >
          Services
        </h3>
        <div
          class="divider light"
        />
        <ul
          class="list"
        >
          <li>
            <a
              class="base left light listItem"
              data-test-ref="FOOTER_LINK"
              href="https://www.aesop.com/au/r/contact-us"
              target="_self"
              title="Video Consultation"
            >
              Video Consultation
            </a>
          </li>
          <li>
            <a
              class="base left light listItem"
              data-test-ref="FOOTER_LINK"
              href="https://www.aesop.com/au/r/shipping/"
              target="_self"
              title="Live Assistance"
            >
              Live Assistance
            </a>
          </li>
          <li>
            <a
              class="base left light listItem"
              data-test-ref="FOOTER_LINK"
              href="https://www.aesop.com/au/r/contact-us"
              target="_self"
              title="Call And Collect"
            >
              Call And Collect
            </a>
          </li>
          <li>
            <a
              class="base left light listItem"
              data-test-ref="FOOTER_LINK"
              href="https://www.aesop.com/au/r/shipping/"
              target="_self"
              title="Facial Appointment"
            >
              Facial Appointment
            </a>
          </li>
          <li>
            <a
              class="base left light listItem"
              data-test-ref="FOOTER_LINK"
              href="https://www.aesop.com/au/r/shipping/"
              target="_self"
              title="Corporate Gifts"
            >
              Corporate Gifts
            </a>
          </li>
        </ul>
      </section>
      <section
        class="base light item"
      >
        <h3
          class="base mediumWeightFont xXSmall light heading"
        >
          Shipping to
        </h3>
        <div
          class="divider light"
        />
        <div
          class="listItem copy"
        >
          TODO: Shipping To Component
        </div>
      </section>
      <section
        class="base light item"
      >
        <h3
          class="base mediumWeightFont xXSmall light heading"
        >
          Acknowledgment of Country
        </h3>
        <div
          class="divider light"
        />
        <div
          class="listItem copy"
        >
          Aesop acknowledges the Traditional Owners of the lands on which we live and work, and pays deepest respects to Elders past, present and emerging. We also acknowledge that sovereignty of these lands has never been ceded.
        </div>
      </section>
      <section
        class="base light item"
      >
        <h3
          class="base mediumWeightFont xXSmall light heading"
        >
          Sustainability
        </h3>
        <div
          class="divider light"
        />
        <div
          class="listItem copy"
        >
          Our approach to sustainability is guided by where we can have the greatest social and environmental impact.
        </div>
      </section>
      <section
        class="base light item"
      >
        <h3
          class="base mediumWeightFont xXSmall light heading"
        >
          About
        </h3>
        <div
          class="divider light"
        />
        <ul
          class="list"
        >
          <li>
            <a
              class="base left light listItem"
              data-test-ref="FOOTER_LINK"
              href="https://www.aesop.com/au/r/contact-us"
              target="_self"
              title="About Us"
            >
              About Us
            </a>
          </li>
          <li>
            <a
              class="base left light listItem"
              data-test-ref="FOOTER_LINK"
              href="https://www.aesop.com/au/r/shipping/"
              target="_self"
              title="Career"
            >
              Career
            </a>
          </li>
          <li>
            <a
              class="base left light listItem"
              data-test-ref="FOOTER_LINK"
              href="https://www.aesop.com/au/r/contact-us"
              target="_self"
              title="Press"
            >
              Press
            </a>
          </li>
          <li>
            <a
              class="base left light listItem"
              data-test-ref="FOOTER_LINK"
              href="https://www.aesop.com/au/r/shipping/"
              target="_self"
              title="Policy"
            >
              Policy
            </a>
          </li>
          <li>
            <a
              class="base left light listItem"
              data-test-ref="FOOTER_LINK"
              href="https://www.aesop.com/au/r/shipping/"
              target="_self"
              title="Privacy Policy"
            >
              Privacy Policy
            </a>
          </li>
          <li>
            <a
              class="base left light listItem"
              data-test-ref="FOOTER_LINK"
              href="https://www.aesop.com/au/r/shipping/"
              target="_self"
              title="Accessibility"
            >
              Accessibility
            </a>
          </li>
          <li>
            <a
              class="base left light listItem"
              data-test-ref="FOOTER_LINK"
              href="https://www.aesop.com/au/r/shipping/"
              target="_self"
              title="Terms and Conditions"
            >
              Terms and Conditions
            </a>
          </li>
        </ul>
      </section>
      <section
        class="base light item"
      >
        <h3
          class="base mediumWeightFont xXSmall light heading"
        >
          Social Media
        </h3>
        <div
          class="divider light"
        />
        <ul
          class="list"
        >
          <li>
            <a
              class="base hasIcon hasExternalIcon left light listItem"
              data-test-ref="FOOTER_LINK"
              href="https://www.aesop.com/au/r/contact-us"
              target="_blank"
              title="Instagram"
            >
              Instagram
               
              <i
                aria-hidden="true"
                class="icon"
              >
                <svg
                  aria-labelledby="rightUpArrow-8"
                  class="base rightUpArrow light"
                  data-testid="data-testid-Icon"
                  focusable="false"
                  height="12"
                  role="img"
                  style="height: 12px; width: 12px;"
                  tabindex="-1"
                  viewBox="0 0 50 50"
                  width="12"
                >
                  <title
                    id="rightUpArrow-8"
                  >
                    rightUpArrow
                  </title>
                  <g>
                    <path
                      d="M21.8,0.2l28.1-0.1v28.1l-4.5,0l0.1-20.5L16.2,37.1l-3.4-3.4L42.1,4.4L21.8,4.4L21.8,0.2L21.8,0.2z"
                    />
                  </g>
                </svg>
              </i>
            </a>
          </li>
          <li>
            <a
              class="base hasIcon hasExternalIcon left light listItem"
              data-test-ref="FOOTER_LINK"
              href="https://www.aesop.com/au/r/contact-us"
              target="_blank"
              title="Twitter"
            >
              Twitter
               
              <i
                aria-hidden="true"
                class="icon"
              >
                <svg
                  aria-labelledby="rightUpArrow-9"
                  class="base rightUpArrow light"
                  data-testid="data-testid-Icon"
                  focusable="false"
                  height="12"
                  role="img"
                  style="height: 12px; width: 12px;"
                  tabindex="-1"
                  viewBox="0 0 50 50"
                  width="12"
                >
                  <title
                    id="rightUpArrow-9"
                  >
                    rightUpArrow
                  </title>
                  <g>
                    <path
                      d="M21.8,0.2l28.1-0.1v28.1l-4.5,0l0.1-20.5L16.2,37.1l-3.4-3.4L42.1,4.4L21.8,4.4L21.8,0.2L21.8,0.2z"
                    />
                  </g>
                </svg>
              </i>
            </a>
          </li>
          <li>
            <a
              class="base hasIcon hasExternalIcon left light listItem"
              data-test-ref="FOOTER_LINK"
              href="https://www.aesop.com/au/r/contact-us"
              target="_blank"
              title="KaKao Plus Friends"
            >
              KaKao Plus Friends
               
              <i
                aria-hidden="true"
                class="icon"
              >
                <svg
                  aria-labelledby="rightUpArrow-10"
                  class="base rightUpArrow light"
                  data-testid="data-testid-Icon"
                  focusable="false"
                  height="12"
                  role="img"
                  style="height: 12px; width: 12px;"
                  tabindex="-1"
                  viewBox="0 0 50 50"
                  width="12"
                >
                  <title
                    id="rightUpArrow-10"
                  >
                    rightUpArrow
                  </title>
                  <g>
                    <path
                      d="M21.8,0.2l28.1-0.1v28.1l-4.5,0l0.1-20.5L16.2,37.1l-3.4-3.4L42.1,4.4L21.8,4.4L21.8,0.2L21.8,0.2z"
                    />
                  </g>
                </svg>
              </i>
            </a>
          </li>
          <li>
            <a
              class="base hasIcon hasExternalIcon left light listItem"
              data-test-ref="FOOTER_LINK"
              href="https://www.aesop.com/au/r/contact-us"
              target="_blank"
              title="Naver Post"
            >
              Naver Post
               
              <i
                aria-hidden="true"
                class="icon"
              >
                <svg
                  aria-labelledby="rightUpArrow-11"
                  class="base rightUpArrow light"
                  data-testid="data-testid-Icon"
                  focusable="false"
                  height="12"
                  role="img"
                  style="height: 12px; width: 12px;"
                  tabindex="-1"
                  viewBox="0 0 50 50"
                  width="12"
                >
                  <title
                    id="rightUpArrow-11"
                  >
                    rightUpArrow
                  </title>
                  <g>
                    <path
                      d="M21.8,0.2l28.1-0.1v28.1l-4.5,0l0.1-20.5L16.2,37.1l-3.4-3.4L42.1,4.4L21.8,4.4L21.8,0.2L21.8,0.2z"
                    />
                  </g>
                </svg>
              </i>
            </a>
          </li>
        </ul>
      </section>
    </div>
    <div
      class="bottom"
    >
      <span>
        © Aesop
      </span>
      <div />
    </div>
  </div>
</div>
`;
