// Jest Snapshot v1, https://goo.gl/fbAQLP

exports[`<Carousel.Pagination /> should render base component correctly 1`] = `
<div>
  <div
    class="base"
    data-testid="data-testid-Carousel-Pagination"
  >
    <div
      class="list dark"
    >
      <div
        class="bar"
        style="width: 100%; left: 0%;"
      />
    </div>
  </div>
</div>
`;
