// Jest Snapshot v1, https://goo.gl/fbAQLP

exports[`<Hyperlink /> should render base component correctly 1`] = `
<div>
  <a
    class="base left dark"
    href="https://aesop.com"
    target="_self"
  >
    Aesop
  </a>
</div>
`;
