// Jest Snapshot v1, https://goo.gl/fbAQLP

exports[`<Accordion /> should render base component correctly 1`] = `
<div>
  <div
    class=""
    data-testid="data-testid-Accordion"
    id="testing-id"
  />
</div>
`;
