// Jest Snapshot v1, https://goo.gl/fbAQLP

exports[`<Carousel.NextButton /> should render base component correctly 1`] = `
<div>
  <button
    class="base dark base"
    title="next slide"
    type="button"
  >
    <svg
      aria-labelledby="chevron-1"
      class="base chevron dark"
      data-testid="data-testid-Icon"
      focusable="false"
      height="16"
      role="img"
      style="height: 16px; width: 16px;"
      tabindex="-1"
      viewBox="0 0 50 50"
      width="16"
    >
      <title
        id="chevron-1"
      >
        chevron
      </title>
      <g>
        <polygon
          class="chevron"
          points="25,31.3 4.2,10.5 0.1,14.6 25,39.5 50,14.6 45.9,10.5"
        />
      </g>
    </svg>
  </button>
</div>
`;
