// Jest Snapshot v1, https://goo.gl/fbAQLP

exports[`<Quote /> should render base component correctly 1`] = `
<div>
  <div
    class="base dark"
  >
    <div
      class="wrapper"
    >
      <blockquote
        class="blockquote"
      >
        ‘Lorem ipsum dolor sit amet, consectetur adipiscing sit amet ipsum dolor elit’
      </blockquote>
      <cite
        class="author"
      >
        Lorem ipsum
      </cite>
    </div>
  </div>
</div>
`;
