// Jest Snapshot v1, https://goo.gl/fbAQLP

exports[`<ImageCarousel /> should render base component correctly 1`] = `
<div>
  <div
    class="base fullWidthSlides dark"
  >
    <div
      class="slick-slider carousel slick-initialized"
      dir="ltr"
    >
      <button
        class="base dark base"
        title="next slide"
        type="button"
      >
        <svg
          aria-labelledby="chevron-1"
          class="base chevron dark"
          data-testid="data-testid-Icon"
          focusable="false"
          height="16"
          role="img"
          style="height: 16px; width: 16px;"
          tabindex="-1"
          viewBox="0 0 50 50"
          width="16"
        >
          <title
            id="chevron-1"
          >
            chevron
          </title>
          <g>
            <polygon
              class="chevron"
              points="25,31.3 4.2,10.5 0.1,14.6 25,39.5 50,14.6 45.9,10.5"
            />
          </g>
        </svg>
      </button>
      <div
        class="slick-list"
      >
        <div
          class="slick-track"
          style="opacity: 1; transform: translate3d(0px, 0px, 0px);"
        >
          <div
            aria-hidden="true"
            class="slick-slide slick-cloned"
            data-index="-1"
            style="width: 0px;"
            tabindex="-1"
          >
            <div>
              <div
                class="slideWrapper"
                style="width: 100%; display: inline-block;"
                tabindex="-1"
              >
                <div
                  class="item"
                >
                  <div
                    class="imageContainer"
                  >
                    <picture
                      class="base picture dark image fullWidthSlide"
                    >
                      <source
                        media="(min-width: 1025px)"
                        srcset="./assets/images/ImageCarousel/image-three-large.jpg"
                      />
                      <source
                        media="(min-width: 640px)"
                        srcset="./assets/images/ImageCarousel/image-three-medium.jpg"
                      />
                      <source
                        media="(min-width: 0px)"
                        srcset="./assets/images/ImageCarousel/image-three-small.jpg"
                      />
                      <img
                        alt="Vivamus sollicitudin"
                        loading="lazy"
                      />
                    </picture>
                  </div>
                </div>
              </div>
            </div>
          </div>
          <div
            aria-hidden="false"
            class="slick-slide slick-active slick-current"
            data-index="0"
            style="outline: none; width: 0px;"
            tabindex="-1"
          >
            <div>
              <div
                class="slideWrapper"
                style="width: 100%; display: inline-block;"
                tabindex="-1"
              >
                <div
                  class="item"
                >
                  <div
                    class="imageContainer"
                  >
                    <picture
                      class="base picture dark image fullWidthSlide"
                    >
                      <source
                        media="(min-width: 1025px)"
                        srcset="./assets/images/ImageCarousel/image-two-large.jpg"
                      />
                      <source
                        media="(min-width: 640px)"
                        srcset="./assets/images/ImageCarousel/image-two-medium.jpg"
                      />
                      <source
                        media="(min-width: 0px)"
                        srcset="./assets/images/ImageCarousel/image-two-small.jpg"
                      />
                      <img
                        alt="Nunc dignissim"
                        loading="lazy"
                      />
                    </picture>
                  </div>
                </div>
              </div>
            </div>
          </div>
          <div
            aria-hidden="true"
            class="slick-slide"
            data-index="1"
            style="outline: none; width: 0px;"
            tabindex="-1"
          >
            <div>
              <div
                class="slideWrapper"
                style="width: 100%; display: inline-block;"
                tabindex="-1"
              >
                <div
                  class="item"
                >
                  <div
                    class="imageContainer"
                  >
                    <picture
                      class="base picture dark image fullWidthSlide"
                    >
                      <source
                        media="(min-width: 1025px)"
                        srcset="./assets/images/ImageCarousel/image-three-large.jpg"
                      />
                      <source
                        media="(min-width: 640px)"
                        srcset="./assets/images/ImageCarousel/image-three-medium.jpg"
                      />
                      <source
                        media="(min-width: 0px)"
                        srcset="./assets/images/ImageCarousel/image-three-small.jpg"
                      />
                      <img
                        alt="Vivamus sollicitudin"
                        loading="lazy"
                      />
                    </picture>
                  </div>
                </div>
              </div>
            </div>
          </div>
          <div
            aria-hidden="true"
            class="slick-slide slick-cloned"
            data-index="2"
            style="width: 0px;"
            tabindex="-1"
          >
            <div>
              <div
                class="slideWrapper"
                style="width: 100%; display: inline-block;"
                tabindex="-1"
              >
                <div
                  class="item"
                >
                  <div
                    class="imageContainer"
                  >
                    <picture
                      class="base picture dark image fullWidthSlide"
                    >
                      <source
                        media="(min-width: 1025px)"
                        srcset="./assets/images/ImageCarousel/image-two-large.jpg"
                      />
                      <source
                        media="(min-width: 640px)"
                        srcset="./assets/images/ImageCarousel/image-two-medium.jpg"
                      />
                      <source
                        media="(min-width: 0px)"
                        srcset="./assets/images/ImageCarousel/image-two-small.jpg"
                      />
                      <img
                        alt="Nunc dignissim"
                        loading="lazy"
                      />
                    </picture>
                  </div>
                </div>
              </div>
            </div>
          </div>
          <div
            aria-hidden="true"
            class="slick-slide slick-cloned"
            data-index="3"
            style="width: 0px;"
            tabindex="-1"
          >
            <div>
              <div
                class="slideWrapper"
                style="width: 100%; display: inline-block;"
                tabindex="-1"
              >
                <div
                  class="item"
                >
                  <div
                    class="imageContainer"
                  >
                    <picture
                      class="base picture dark image fullWidthSlide"
                    >
                      <source
                        media="(min-width: 1025px)"
                        srcset="./assets/images/ImageCarousel/image-three-large.jpg"
                      />
                      <source
                        media="(min-width: 640px)"
                        srcset="./assets/images/ImageCarousel/image-three-medium.jpg"
                      />
                      <source
                        media="(min-width: 0px)"
                        srcset="./assets/images/ImageCarousel/image-three-small.jpg"
                      />
                      <img
                        alt="Vivamus sollicitudin"
                        loading="lazy"
                      />
                    </picture>
                  </div>
                </div>
              </div>
            </div>
          </div>
        </div>
      </div>
      <button
        class="base dark base"
        title="next slide"
        type="button"
      >
        <svg
          aria-labelledby="chevron-2"
          class="base chevron dark"
          data-testid="data-testid-Icon"
          focusable="false"
          height="16"
          role="img"
          style="height: 16px; width: 16px;"
          tabindex="-1"
          viewBox="0 0 50 50"
          width="16"
        >
          <title
            id="chevron-2"
          >
            chevron
          </title>
          <g>
            <polygon
              class="chevron"
              points="25,31.3 4.2,10.5 0.1,14.6 25,39.5 50,14.6 45.9,10.5"
            />
          </g>
        </svg>
      </button>
      <div
        class="base"
        data-testid="data-testid-Carousel-Pagination"
      >
        <div
          class="list dark"
        >
          <div
            class="bar"
            style="width: 50%; left: 0%;"
          />
        </div>
      </div>
    </div>
    <footer
      class="footer"
    >
      <div
        class="slideCounter"
      >
        1 / 2
      </div>
      <div
        class="caption"
      >
        Nunc dignissim quis arcu a lobortis. Nullam auctor id nulla non sagittis. Quisque non enim efficitur quam mattis semper a nec arcu.
      </div>
    </footer>
  </div>
</div>
`;
