// Jest Snapshot v1, https://goo.gl/fbAQLP

exports[`<NewsletterSignUp /> should render base component correctly 1`] = `
<div>
  <div
    class="base"
  >
    <form>
      <div
        class="inputField light"
      >
        <div
          class="footerNewsletterInputWrapper"
        >
          <div
            class="formText"
          >
            <label
              for="newsletter-email"
            >
              <input
                class="formTextInput light footerNewsletter"
                data-test-ref="EMAIL_SIGN_UP_INPUT"
                id="newsletter-email"
                name="newsletter-email"
                novalidate=""
                type="text"
                value=""
              />
              <span
                class="formTextLabel light"
              >
                Email Address
              </span>
            </label>
          </div>
        </div>
        <button
          class="button light"
          data-test-ref="EMAIL_SIGN_UP_BUTTON"
          disabled=""
        >
          <svg
            aria-labelledby="rightArrow-1"
            class="base rightArrow light signUpIcon light"
            data-testid="data-testid-Icon"
            focusable="false"
            height="12"
            role="img"
            style="height: 12px; width: 12px;"
            tabindex="-1"
            viewBox="0 0 50 50"
            width="12"
          >
            <title
              id="rightArrow-1"
            >
              rightArrow
            </title>
            <g>
              <path
                d="M30.1,5.3L50,25.1L30.1,45h-6.6l18-17.6H0v-4.8h41.5l-18-17.6h6.6V5.3z"
              />
            </g>
          </svg>
        </button>
      </div>
      <div
        class="footerNewsletterErrorMessage"
      />
      <section>
        <div>
          <label
            class="base"
            for="subscription"
          >
            <input
              aria-describedby="subscription-error-message"
              aria-invalid="false"
              class="checkBox light"
              data-test-ref="EMAIL_SIGN_UP_SUBSCRIPTION_CHECKBOX"
              id="subscription"
              type="checkbox"
            />
            <span
              class="content light"
            >
              <span>
                By subscribing, you agree to receive email marketing from Aesop about our products and services, and accept our
                 
                <a
                  href="https://www.aesop.com/au/r/privacy/"
                >
                  privacy policy
                </a>
                .
              </span>
            </span>
          </label>
        </div>
        <div>
          <label
            class="base"
            for="terms"
          >
            <input
              aria-describedby="terms-error-message"
              aria-invalid="false"
              class="checkBox light"
              data-test-ref="EMAIL_SIGN_UP_TERMS_AND_CONDITIONS_CHECKBOX"
              id="terms"
              type="checkbox"
            />
            <span
              class="content light"
            >
              I accept the Terms & Conditions 
            </span>
          </label>
        </div>
        <div
          class="termsAndConditionWrapper"
        >
          <div
            class="termsAndCondition"
          >
            Lorem ipsum dolor sit amet, consectetur adipiscing elit. Quisque quis sem quis sem bibendum aliquet non nec sapien. Suspendisse felis dui, gravida non ligula id, tempor pharetra sapien. Vestibulum porttitor felis vitae mollis porta. Lorem ipsum dolor sit amet, consectetur adipiscing elit. Quisque quis sem quis sem bibendum aliquet non nec sapien. Suspendisse felis dui, gravida non ligula id, tempor pharetra sapien. Vestibulum porttitor felis vitae mollis porta. Lorem ipsum dolor sit amet, consectetur adipiscing elit. Quisque quis sem quis sem bibendum aliquet non nec sapien. Suspendisse felis dui, gravida non ligula id, tempor pharetra sapien. Vestibulum porttitor felis vitae mollis porta. Lorem ipsum dolor sit amet, consectetur adipiscing elit. Quisque quis sem quis sem bibendum aliquet non nec sapien. Suspendisse felis dui, gravida non ligula id, tempor pharetra sapien. Vestibulum porttitor felis vitae mollis porta.
          </div>
        </div>
      </section>
    </form>
  </div>
</div>
`;
