// Jest Snapshot v1, https://goo.gl/fbAQLP

exports[`<Transition /> should render base component correctly 1`] = `
<div>
  <div
    class=""
  >
    Content
  </div>
</div>
`;
