// Jest Snapshot v1, https://goo.gl/fbAQLP

exports[`<Figure /> should render base component correctly 1`] = `
<div>
  <figure
    class="base dark"
    id="about"
  >
    <picture
      class="base picture dark"
    >
      <source
        media="(min-width: 1025px)"
        srcset="https://release.aesop-web-ui.aesopdigital.io/images/products/Skin_Perfect_Facial_Hydrating_Cream_60mL_large.png"
      />
      <img
        alt="Image Alt Text"
        loading="lazy"
      />
    </picture>
    <figcaption
      class="captionWrapper"
    >
      <div
        class="caption"
      >
        About Aesop
      </div>
    </figcaption>
  </figure>
</div>
`;
