// Jest Snapshot v1, https://goo.gl/fbAQLP

exports[`<Image /> should render base component correctly 1`] = `
<div>
  <a
    class="base left dark base"
    href="https://www.aesop.com/au/r/philosophy-to-products"
    target="_self"
  >
    <picture
      class="picture dark"
    >
      <source
        media="(min-width: 1025px)"
        srcset="/images/products/Hand_Reverence_Aromatique_Hand_Wash_500mL_large.png 2x"
      />
      <source
        media="(min-width: 640px)"
        srcset="/images/products/Hand_Reverence_Aromatique_Hand_Wash_500mL_medium.png 2x"
      />
      <source
        media="(min-width: 0px)"
        srcset="/images/products/Hand_Reverence_Aromatique_Hand_Wash_500mL_small.png 2x"
      />
      <img
        alt="Image of Milk Cleansing Campaign Aesop 2019"
        loading="lazy"
      />
    </picture>
  </a>
</div>
`;
