// Jest Snapshot v1, https://goo.gl/fbAQLP

exports[`<ArticleCard /> should render base component correctly 1`] = `
<div>
  <a
    class="base left dark base dark itemElement ornamentalWrapper leftAligned"
    href="#article"
    target="_self"
    title="See all Skin Care Card"
  >
    <picture
      class="base picture dark image"
    >
      <img
        loading="lazy"
      />
    </picture>
    <p
      class="base dark flush metaLabel"
    >
      Article Card  â€¢  Meta Label
    </p>
    <p
      class="base dark flush serifFont label"
    >
      <span
        class="ornamentalHover"
      >
        Article Card Label
      </span>
    </p>
  </a>
</div>
`;
