// Jest Snapshot v1, https://goo.gl/fbAQLP

exports[`<DialogBanner /> should render base component correctly 1`] = `
<div>
  <div
    aria-hidden="true"
    class="base isVisible"
    data-testid="data-testid-Overlay"
    role="button"
    tabindex="-1"
  />
  <aside
    class="base isVisible dark top"
  >
    <div
      class="iconContainer"
    >
      <svg
        aria-labelledby="warning-1"
        class="base warning light warningIcon"
        data-testid="data-testid-Icon"
        focusable="false"
        height="22"
        role="img"
        style="height: 22px; width: 22px;"
        tabindex="-1"
        viewBox="0 0 50 50"
        width="22"
      >
        <title
          id="warning-1"
        >
          warning
        </title>
        <g>
          <path
            d="M42.7,7.2C37.7,2.2,31.5,0,25,0S12.3,2.2,7.3,7.2c-9.7,9.7-9.7,25.4,0,35.2c5,5,11.2,7.2,17.7,7.2s12.7-2.5,17.7-7.2 C52.4,32.6,52.4,16.9,42.7,7.2z M41,40.6c-4.2,4.2-10,6.5-16,6.5s-11.7-2.2-16-6.5c-8.7-8.7-8.7-23,0-31.7c4.3-4.2,10-6.5,16-6.5 s11.7,2.3,16,6.5C49.7,17.6,49.7,31.9,41,40.6z"
          />
          <path
            d="M27,13.1V30h-4V13.1H27z M23,36.5h3.9v-4.3H23V36.5z"
          />
        </g>
      </svg>
    </div>
    <div
      class="contentContainer"
    >
      <h1
        class="base large dark heading"
      >
        Maximum allowed quantity exceeded.
      </h1>
      <p
        class="base dark message"
      >
        Our apologies, You have exceeded the maximum allowed quantity of this item.
      </p>
    </div>
    <div
      class="closeContainer"
    >
      <button
        class="base dark closeButton"
        title="Close Dialog Banner"
        type="button"
      >
        <svg
          aria-labelledby="close-2"
          class="base close light closeIcon"
          data-testid="data-testid-Icon"
          focusable="false"
          height="12"
          role="img"
          style="height: 12px; width: 12px;"
          tabindex="-1"
          viewBox="0 0 50 50"
          width="12"
        >
          <title
            id="close-2"
          >
            close
          </title>
          <g>
            <polygon
              class="close"
              points="50,5 45,0 25,20 5,0 0,5 20,25 0,45 5,50 25,30 45,50 50,45 30,25"
            />
          </g>
        </svg>
      </button>
      <a
        class="base left light ctaButton"
        href="/contact-us/"
        target="_self"
      >
        Need assistance?
      </a>
    </div>
  </aside>
</div>
`;
