// Jest Snapshot v1, https://goo.gl/fbAQLP

exports[`<ArticleList /> should render base component correctly 1`] = `<div />`;
